// Jest Snapshot v1, https://goo.gl/fbAQLP

exports[`renders without crashing 1`] = `
<div>
  <h2>
    Item Detail for item 
    title
  </h2>
</div>
`;
