// Jest Snapshot v1, https://goo.gl/fbAQLP

exports[`renders without crashing 1`] = `
<div>
  <h1>
    Item Details: 
  </h1>
  <ItemDetailCard />
</div>
`;
