// Jest Snapshot v1, https://goo.gl/fbAQLP

exports[`renders without crashing 1`] = `
<div>
  <div
    class="grey lighten-5"
  >
    &lt;Header /&gt;
    <div
      class="container app-container"
    >
      home_route_component
    </div>
    <footer
      class="page-footer teal"
    >
      <div
        class="container"
      >
        <div
          class="row"
        >
          <div
            class="col l6 s12"
          >
            <h5
              class="white-text"
            >
              OEM Store
            </h5>
            <p
              class="grey-text text-lighten-4"
            >
              To learn more about who we are click on these links:
            </p>
          </div>
          <div
            class="col l4 offset-l2 s12"
          >
            <h5
              class="white-text"
            >
              More About Us:
            </h5>
            <ul>
              <li>
                <a
                  class="grey-text text-lighten-3"
                  href="/#!"
                >
                  About
                </a>
              </li>
              <li>
                <a
                  class="grey-text text-lighten-3"
                  href="/#!"
                >
                  Careers
                </a>
              </li>
              <li>
                <a
                  class="grey-text text-lighten-3"
                  href="/#!"
                >
                  Investors
                </a>
              </li>
              <li>
                <a
                  class="grey-text text-lighten-3"
                  href="/#!"
                >
                  Partners
                </a>
              </li>
            </ul>
          </div>
        </div>
      </div>
      <div
        class="footer-copyright"
      >
        <div
          class="container"
        >
          Â© 2018 Copyright Text
          <a
            class="grey-text text-lighten-4 right"
            href="/#!"
          >
            More Links
          </a>
        </div>
      </div>
    </footer>
  </div>
</div>
`;
